ASxxxx Linker V03.00 + NoICE + sdld,  page 1.
Hexadecimal  [32-Bits]

Area                                    Addr        Size        Decimal Bytes (Attributes)
--------------------------------        ----        ----        ------- ----- ------------
CABS                                00000000    00000000 =           0. bytes (ABS,CON,CODE)

      Value  Global                              Global Defined In Module
      -----  --------------------------------   ------------------------
C:   00000000  l_BIT_BANK                      
C:   00000000  l_CABS                          
C:   00000000  l_GSFINAL                       
C:   00000000  l_GSINIT                        
C:   00000000  l_GSINIT0                       
C:   00000000  l_GSINIT1                       
C:   00000000  l_GSINIT2                       
C:   00000000  l_GSINIT3                       
C:   00000000  l_GSINIT4                       
C:   00000000  l_GSINIT5                       
C:   00000000  l_HOME                          
C:   00000000  l_IABS                          
C:   00000000  l_ISEG                          
C:   00000000  l_OSEG                          
C:   00000000  l_PSEG                          
C:   00000000  l_REG_BANK_1                    
C:   00000000  l_REG_BANK_2                    
C:   00000000  l_REG_BANK_3                    
C:   00000000  l_RSEG                          
C:   00000000  l_RSEG0                         
C:   00000000  l_RSEG1                         
C:   00000000  l_SSEG                          
C:   00000000  l_XABS                          
C:   00000000  l_XINIT                         
C:   00000000  l_XISEG                         
C:   00000000  l_XSEG                          
C:   00000000  l__CODE                         
C:   00000000  s_BSEG                          
C:   00000000  s_CABS                          
C:   00000000  s_CSEG                          
C:   00000000  s_DSEG                          
C:   00000000  s_GSFINAL                       
C:   00000000  s_GSINIT                        
C:   00000000  s_GSINIT0                       
C:   00000000  s_GSINIT1                       
C:   00000000  s_GSINIT2                       
C:   00000000  s_GSINIT3                       
C:   00000000  s_GSINIT4                       
C:   00000000  s_GSINIT5                       
C:   00000000  s_HOME                          
C:   00000000  s_IABS                          
C:   00000000  s_ISEG                          
C:   00000000  s_REG_BANK_0                    
C:   00000000  s_RSEG                          
C:   00000000  s_RSEG0                         
C:   00000000  s_RSEG1                         
C:   00000000  s_XABS                          
C:   00000001  l_BSEG_BYTES                    
C:   00000001  s_PSEG                          
C:   00000001  s_XISEG                         
ASxxxx Linker V03.00 + NoICE + sdld,  page 2.
Hexadecimal  [32-Bits]

Area                                    Addr        Size        Decimal Bytes (Attributes)
--------------------------------        ----        ----        ------- ----- ------------
CABS                                00000000    00000000 =           0. bytes (ABS,CON,CODE)

      Value  Global                              Global Defined In Module
      -----  --------------------------------   ------------------------
C:   00000001  s_XSEG                          
C:   00000005  l_BSEG                          
C:   00000008  l_REG_BANK_0                    
C:   00000008  s_REG_BANK_1                    
C:   00000009  l_DSEG                          
C:   00000010  s_REG_BANK_2                    
C:   00000018  s_BIT_BANK                      
C:   00000018  s_REG_BANK_3                    
C:   00000020  s_BSEG_BYTES                    
C:   00000020  s__CODE                         
C:   00000030  s_OSEG                          
C:   00000030  s_SSEG                          
C:   00000040  l_CONST                         
C:   00000100  l_IRAM                          
C:   00000155  l_CSEG                          
C:   00000155  s_CONST                         
C:   00000195  s_XINIT                         

ASxxxx Linker V03.00 + NoICE + sdld,  page 3.
Hexadecimal  [32-Bits]

Area                                    Addr        Size        Decimal Bytes (Attributes)
--------------------------------        ----        ----        ------- ----- ------------
.  .ABS.                            00000000    00000000 =           0. bytes (ABS,CON)

      Value  Global                              Global Defined In Module
      -----  --------------------------------   ------------------------
     00000000  .__.ABS.                           _gptrget
     00000080  _P0                                something
     00000080  _P0_0                              something
     00000081  _P0_1                              something
     00000081  _SP                                something
     00000082  _DPL                               something
     00000082  _P0_2                              something
     00000083  _DPH                               something
     00000083  _P0_3                              something
     00000084  _P0_4                              something
     00000085  _P0_5                              something
     00000086  _P0_6                              something
     00000087  _P0_7                              something
     00000087  _PCON                              something
     00000088  _IT0                               something
     00000088  _TCON                              something
     00000089  _IE0                               something
     00000089  _TMOD                              something
     0000008A  _IT1                               something
     0000008A  _TL0                               something
     0000008B  _IE1                               something
     0000008B  _TL1                               something
     0000008C  _TH0                               something
     0000008C  _TR0                               something
     0000008D  _TF0                               something
     0000008D  _TH1                               something
     0000008E  _TR1                               something
     0000008F  _TF1                               something
     00000090  _P1                                something
     00000090  _P1_0                              something
     00000091  _P1_1                              something
     00000092  _P1_2                              something
     00000093  _P1_3                              something
     00000094  _P1_4                              something
     00000095  _P1_5                              something
     00000096  _P1_6                              something
     00000097  _P1_7                              something
     00000098  _RI                                something
     00000098  _SCON                              something
     00000099  _SBUF                              something
     00000099  _TI                                something
     0000009A  _RB8                               something
     0000009B  _TB8                               something
     0000009C  _REN                               something
     0000009D  _SM2                               something
     0000009E  _SM1                               something
     0000009F  _SM0                               something
     000000A0  _P2                                something
     000000A0  _P2_0                              something
     000000A1  _P2_1                              something
ASxxxx Linker V03.00 + NoICE + sdld,  page 4.
Hexadecimal  [32-Bits]

Area                                    Addr        Size        Decimal Bytes (Attributes)
--------------------------------        ----        ----        ------- ----- ------------
.  .ABS.                            00000000    00000000 =           0. bytes (ABS,CON)

      Value  Global                              Global Defined In Module
      -----  --------------------------------   ------------------------
     000000A2  _P2_2                              something
     000000A3  _P2_3                              something
     000000A4  _P2_4                              something
     000000A5  _P2_5                              something
     000000A6  _P2_6                              something
     000000A7  _P2_7                              something
     000000A8  _EX0                               something
     000000A8  _IE                                something
     000000A9  _ET0                               something
     000000AA  _EX1                               something
     000000AB  _ET1                               something
     000000AC  _ES                                something
     000000AF  _EA                                something
     000000B0  _P3                                something
     000000B0  _P3_0                              something
     000000B0  _RXD                               something
     000000B1  _P3_1                              something
     000000B1  _TXD                               something
     000000B2  _INT0                              something
     000000B2  _P3_2                              something
     000000B3  _INT1                              something
     000000B3  _P3_3                              something
     000000B4  _P3_4                              something
     000000B4  _T0                                something
     000000B5  _P3_5                              something
     000000B5  _T1                                something
     000000B6  _P3_6                              something
     000000B6  _WR                                something
     000000B7  _P3_7                              something
     000000B7  _RD                                something
     000000B8  _IP                                something
     000000B8  _PX0                               something
     000000B9  _PT0                               something
     000000BA  _PX1                               something
     000000BB  _PT1                               something
     000000BC  _PS                                something
     000000D0  _P                                 something
     000000D0  _PSW                               something
     000000D1  _F1                                something
     000000D2  _OV                                something
     000000D3  _RS0                               something
     000000D4  _RS1                               something
     000000D5  _F0                                something
     000000D6  _AC                                something
     000000D7  _CY                                something
     000000E0  _ACC                               something
     000000F0  _B                                 something
     000000F5  _B_5                               _gptrget
     000000F6  _B_6                               _gptrget
     000000F7  _B_7                               _gptrget

ASxxxx Linker V03.00 + NoICE + sdld,  page 5.
Hexadecimal  [32-Bits]

Area                                    Addr        Size        Decimal Bytes (Attributes)
--------------------------------        ----        ----        ------- ----- ------------
BSEG_BYTES                          00000020    00000001 =           1. bytes (REL,CON)

      Value  Global                              Global Defined In Module
      -----  --------------------------------   ------------------------
ASxxxx Linker V03.00 + NoICE + sdld,  page 6.
Hexadecimal  [32-Bits]

Area                                    Addr        Size        Decimal Bytes (Attributes)
--------------------------------        ----        ----        ------- ----- ------------
REG_BANK_0                          00000000    00000008 =           8. bytes (REL,OVR)

      Value  Global                              Global Defined In Module
      -----  --------------------------------   ------------------------
ASxxxx Linker V03.00 + NoICE + sdld,  page 7.
Hexadecimal  [32-Bits]

Area                                    Addr        Size        Decimal Bytes (Attributes)
--------------------------------        ----        ----        ------- ----- ------------
DSEG                                00000000    00000009 =           9. bytes (REL,CON)

      Value  Global                              Global Defined In Module
      -----  --------------------------------   ------------------------
ASxxxx Linker V03.00 + NoICE + sdld,  page 8.
Hexadecimal  [32-Bits]

Area                                    Addr        Size        Decimal Bytes (Attributes)
--------------------------------        ----        ----        ------- ----- ------------
CSEG                                00000000    00000155 =         341. bytes (REL,CON,CODE)

      Value  Global                              Global Defined In Module
      -----  --------------------------------   ------------------------
C:   00000000  _Main                              something
C:   00000072  _returnHome                        something
C:   0000007E  _entryModeSet                      something
C:   0000008A  _displayOnOffControl               something
C:   000000A7  _cursorOrDisplayShift              something
C:   000000C4  _functionSet                       something
C:   000000D0  _clearDisplay                      something
C:   000000DC  _setDdRamAddress                   something
C:   000000EC  _sendChar                          something
C:   000000F9  _sendString                        something
C:   00000126  _delay                             something
C:   0000012F  _big_delay                         something
C:   00000139  __gptrget                          _gptrget

ASxxxx Linker V03.00 + NoICE + sdld,  page 9.
Hexadecimal  [32-Bits]

Area                                    Addr        Size        Decimal Bytes (Attributes)
--------------------------------        ----        ----        ------- ----- ------------
CONST                               00000155    00000040 =          64. bytes (REL,CON,CODE)

      Value  Global                              Global Defined In Module
      -----  --------------------------------   ------------------------
ASxxxx Linker V03.00 + NoICE + sdld,  page 10.

Files Linked                              [ module(s) ]

something.rel                             [  ]


Libraries Linked                          [ object file ]

C:\Program Files\SDCC\bin\..\lib\small/libsdcc.lib
                                          [ _gptrget.rel ]

ASxxxx Linker V03.00 + NoICE + sdld,  page 11.

User Base Address Definitions

HOME = 0x0000
DSEG = 0x0030
XSEG = 0x0001
PSEG = 0x0001
ISEG = 0x0000
BSEG = 0x0000
SSEG = 0x0030

