ASxxxx Linker V03.00 + NoICE + sdld,  page 1.
Hexadecimal  [32-Bits]

Area                                    Addr        Size        Decimal Bytes (Attributes)
--------------------------------        ----        ----        ------- ----- ------------
CABS                                00000000    00000000 =           0. bytes (ABS,CON,CODE)

      Value  Global                              Global Defined In Module
      -----  --------------------------------   ------------------------
C:   00000000  l_BIT_BANK                      
C:   00000000  l_CABS                          
C:   00000000  l_CONST                         
C:   00000000  l_GSFINAL                       
C:   00000000  l_GSINIT                        
C:   00000000  l_GSINIT0                       
C:   00000000  l_GSINIT1                       
C:   00000000  l_GSINIT2                       
C:   00000000  l_GSINIT3                       
C:   00000000  l_GSINIT4                       
C:   00000000  l_GSINIT5                       
C:   00000000  l_HOME                          
C:   00000000  l_IABS                          
C:   00000000  l_ISEG                          
C:   00000000  l_PSEG                          
C:   00000000  l_REG_BANK_1                    
C:   00000000  l_REG_BANK_2                    
C:   00000000  l_REG_BANK_3                    
C:   00000000  l_RSEG                          
C:   00000000  l_RSEG0                         
C:   00000000  l_RSEG1                         
C:   00000000  l_SSEG                          
C:   00000000  l_XABS                          
C:   00000000  l_XINIT                         
C:   00000000  l_XISEG                         
C:   00000000  l_XSEG                          
C:   00000000  l__CODE                         
C:   00000000  s_BSEG                          
C:   00000000  s_CABS                          
C:   00000000  s_CSEG                          
C:   00000000  s_DSEG                          
C:   00000000  s_GSFINAL                       
C:   00000000  s_GSINIT                        
C:   00000000  s_GSINIT0                       
C:   00000000  s_GSINIT1                       
C:   00000000  s_GSINIT2                       
C:   00000000  s_GSINIT3                       
C:   00000000  s_GSINIT4                       
C:   00000000  s_GSINIT5                       
C:   00000000  s_HOME                          
C:   00000000  s_IABS                          
C:   00000000  s_ISEG                          
C:   00000000  s_REG_BANK_0                    
C:   00000000  s_RSEG                          
C:   00000000  s_RSEG0                         
C:   00000000  s_RSEG1                         
C:   00000000  s_XABS                          
C:   00000001  l_BSEG_BYTES                    
C:   00000001  s_PSEG                          
C:   00000001  s_XISEG                         
ASxxxx Linker V03.00 + NoICE + sdld,  page 2.
Hexadecimal  [32-Bits]

Area                                    Addr        Size        Decimal Bytes (Attributes)
--------------------------------        ----        ----        ------- ----- ------------
CABS                                00000000    00000000 =           0. bytes (ABS,CON,CODE)

      Value  Global                              Global Defined In Module
      -----  --------------------------------   ------------------------
C:   00000001  s_XSEG                          
C:   00000002  l_OSEG                          
C:   00000006  l_BSEG                          
C:   00000008  l_REG_BANK_0                    
C:   00000008  s_REG_BANK_1                    
C:   00000010  s_REG_BANK_2                    
C:   00000018  s_BIT_BANK                      
C:   00000018  s_REG_BANK_3                    
C:   00000020  s_BSEG_BYTES                    
C:   00000020  s__CODE                         
C:   0000002E  l_DSEG                          
C:   00000030  s_SSEG                          
C:   00000053  s_OSEG                          
C:   00000100  l_IRAM                          
C:   000003F1  l_CSEG                          
C:   000003F1  s_CONST                         
C:   000003F1  s_XINIT                         

ASxxxx Linker V03.00 + NoICE + sdld,  page 3.
Hexadecimal  [32-Bits]

Area                                    Addr        Size        Decimal Bytes (Attributes)
--------------------------------        ----        ----        ------- ----- ------------
.  .ABS.                            00000000    00000000 =           0. bytes (ABS,CON)

      Value  Global                              Global Defined In Module
      -----  --------------------------------   ------------------------
     00000000  .__.ABS.                           _gptrget
     00000080  _P0                                try
     00000080  _P0_0                              try
     00000081  _P0_1                              try
     00000081  _SP                                try
     00000082  _DPL                               try
     00000082  _P0_2                              try
     00000083  _DPH                               try
     00000083  _P0_3                              try
     00000084  _P0_4                              try
     00000085  _P0_5                              try
     00000086  _P0_6                              try
     00000087  _P0_7                              try
     00000087  _PCON                              try
     00000088  _IT0                               try
     00000088  _TCON                              try
     00000089  _IE0                               try
     00000089  _TMOD                              try
     0000008A  _IT1                               try
     0000008A  _TL0                               try
     0000008B  _IE1                               try
     0000008B  _TL1                               try
     0000008C  _TH0                               try
     0000008C  _TR0                               try
     0000008D  _TF0                               try
     0000008D  _TH1                               try
     0000008E  _TR1                               try
     0000008F  _TF1                               try
     00000090  _P1                                try
     00000090  _P1_0                              try
     00000091  _P1_1                              try
     00000092  _P1_2                              try
     00000093  _P1_3                              try
     00000094  _P1_4                              try
     00000095  _P1_5                              try
     00000096  _P1_6                              try
     00000097  _P1_7                              try
     00000098  _RI                                try
     00000098  _SCON                              try
     00000099  _SBUF                              try
     00000099  _TI                                try
     0000009A  _RB8                               try
     0000009B  _TB8                               try
     0000009C  _REN                               try
     0000009D  _SM2                               try
     0000009E  _SM1                               try
     0000009F  _SM0                               try
     000000A0  _P2                                try
     000000A0  _P2_0                              try
     000000A1  _P2_1                              try
ASxxxx Linker V03.00 + NoICE + sdld,  page 4.
Hexadecimal  [32-Bits]

Area                                    Addr        Size        Decimal Bytes (Attributes)
--------------------------------        ----        ----        ------- ----- ------------
.  .ABS.                            00000000    00000000 =           0. bytes (ABS,CON)

      Value  Global                              Global Defined In Module
      -----  --------------------------------   ------------------------
     000000A2  _P2_2                              try
     000000A3  _P2_3                              try
     000000A4  _P2_4                              try
     000000A5  _P2_5                              try
     000000A6  _P2_6                              try
     000000A7  _P2_7                              try
     000000A8  _EX0                               try
     000000A8  _IE                                try
     000000A9  _ET0                               try
     000000AA  _EX1                               try
     000000AB  _ET1                               try
     000000AC  _ES                                try
     000000AF  _EA                                try
     000000B0  _P3                                try
     000000B0  _P3_0                              try
     000000B0  _RXD                               try
     000000B1  _P3_1                              try
     000000B1  _TXD                               try
     000000B2  _INT0                              try
     000000B2  _P3_2                              try
     000000B3  _INT1                              try
     000000B3  _P3_3                              try
     000000B4  _P3_4                              try
     000000B4  _T0                                try
     000000B5  _P3_5                              try
     000000B5  _T1                                try
     000000B6  _P3_6                              try
     000000B6  _WR                                try
     000000B7  _P3_7                              try
     000000B7  _RD                                try
     000000B8  _IP                                try
     000000B8  _PX0                               try
     000000B9  _PT0                               try
     000000BA  _PX1                               try
     000000BB  _PT1                               try
     000000BC  _PS                                try
     000000D0  _P                                 try
     000000D0  _PSW                               try
     000000D1  _F1                                try
     000000D2  _OV                                try
     000000D3  _RS0                               try
     000000D4  _RS1                               try
     000000D5  _F0                                try
     000000D6  _AC                                try
     000000D7  _CY                                try
     000000E0  _ACC                               try
     000000F0  _B                                 try
     000000F5  _B_5                               _gptrget
     000000F6  _B_6                               _gptrget
     000000F7  _B_7                               _gptrget

ASxxxx Linker V03.00 + NoICE + sdld,  page 5.
Hexadecimal  [32-Bits]

Area                                    Addr        Size        Decimal Bytes (Attributes)
--------------------------------        ----        ----        ------- ----- ------------
BSEG_BYTES                          00000020    00000001 =           1. bytes (REL,CON)

      Value  Global                              Global Defined In Module
      -----  --------------------------------   ------------------------
ASxxxx Linker V03.00 + NoICE + sdld,  page 6.
Hexadecimal  [32-Bits]

Area                                    Addr        Size        Decimal Bytes (Attributes)
--------------------------------        ----        ----        ------- ----- ------------
REG_BANK_0                          00000000    00000008 =           8. bytes (REL,OVR)

      Value  Global                              Global Defined In Module
      -----  --------------------------------   ------------------------
ASxxxx Linker V03.00 + NoICE + sdld,  page 7.
Hexadecimal  [32-Bits]

Area                                    Addr        Size        Decimal Bytes (Attributes)
--------------------------------        ----        ----        ------- ----- ------------
DSEG                                00000000    0000002E =          46. bytes (REL,CON)

      Value  Global                              Global Defined In Module
      -----  --------------------------------   ------------------------
ASxxxx Linker V03.00 + NoICE + sdld,  page 8.
Hexadecimal  [32-Bits]

Area                                    Addr        Size        Decimal Bytes (Attributes)
--------------------------------        ----        ----        ------- ----- ------------
OSEG                                00000053    00000002 =           2. bytes (REL,OVR)

      Value  Global                              Global Defined In Module
      -----  --------------------------------   ------------------------
     00000053  __divsint_PARM_2                   _divuint
     00000053  __divuint_PARM_2                   _divuint
     00000053  __modsint_PARM_2                   _moduint
     00000053  __moduint_PARM_2                   _moduint
     00000053  __mulint_PARM_2                    _mulint

ASxxxx Linker V03.00 + NoICE + sdld,  page 9.
Hexadecimal  [32-Bits]

Area                                    Addr        Size        Decimal Bytes (Attributes)
--------------------------------        ----        ----        ------- ----- ------------
CSEG                                00000000    000003F1 =        1009. bytes (REL,CON,CODE)

      Value  Global                              Global Defined In Module
      -----  --------------------------------   ------------------------
C:   00000000  _Main                              try
C:   000001B5  _returnHome                        try
C:   000001C1  _entryModeSet                      try
C:   000001CD  _displayOnOffControl               try
C:   000001EA  _cursorOrDisplayShift              try
C:   00000207  _functionSet                       try
C:   00000213  _clearDisplay                      try
C:   0000021F  _setDdRamAddress                   try
C:   0000022F  _sendChar                          try
C:   0000023C  _sendString                        try
C:   00000269  _delay                             try
C:   00000272  _big_delay                         try
C:   0000027C  __divuint                          _divuint
C:   000002A5  _atoi                              atoi
C:   0000036B  __mulint                           _mulint
C:   0000036B  __mulint_dummy                     _mulint
C:   00000388  __moduint                          _moduint
C:   000003D5  __gptrget                          _gptrget
ASxxxx Linker V03.00 + NoICE + sdld,  page 10.

Files Linked                              [ module(s) ]

try.rel                                   [  ]


Libraries Linked                          [ object file ]

C:\Program Files\SDCC\bin\..\lib\small/libint.lib
                                          [ _divuint.rel ]
C:\Program Files\SDCC\bin\..\lib\small/libsdcc.lib
                                          [ atoi.rel ]
C:\Program Files\SDCC\bin\..\lib\small/libint.lib
                                          [ _mulint.rel ]
C:\Program Files\SDCC\bin\..\lib\small/libint.lib
                                          [ _moduint.rel ]
C:\Program Files\SDCC\bin\..\lib\small/libsdcc.lib
                                          [ _gptrget.rel ]

ASxxxx Linker V03.00 + NoICE + sdld,  page 11.

User Base Address Definitions

HOME = 0x0000
DSEG = 0x0030
XSEG = 0x0001
PSEG = 0x0001
ISEG = 0x0000
BSEG = 0x0000
SSEG = 0x0030

