ASxxxx Linker V03.00 + NoICE + sdld,  page 1.
Hexadecimal  [32-Bits]

Area                                    Addr        Size        Decimal Bytes (Attributes)
--------------------------------        ----        ----        ------- ----- ------------
CABS                                00000000    00000000 =           0. bytes (ABS,CON,CODE)

      Value  Global                              Global Defined In Module
      -----  --------------------------------   ------------------------
C:   00000000  l_CABS                          
C:   00000000  l_GSINIT0                       
C:   00000000  l_GSINIT1                       
C:   00000000  l_GSINIT2                       
C:   00000000  l_GSINIT5                       
C:   00000000  l_IABS                          
C:   00000000  l_ISEG                          
C:   00000000  l_PSEG                          
C:   00000000  l_REG_BANK_2                    
C:   00000000  l_REG_BANK_3                    
C:   00000000  l_RSEG                          
C:   00000000  l_RSEG0                         
C:   00000000  l_RSEG1                         
C:   00000000  l_XABS                          
C:   00000000  l_XINIT                         
C:   00000000  l_XISEG                         
C:   00000000  l_XSEG                          
C:   00000000  l__CODE                         
C:   00000000  s_BSEG                          
C:   00000000  s_CABS                          
C:   00000000  s_DSEG                          
C:   00000000  s_HOME                          
C:   00000000  s_IABS                          
C:   00000000  s_ISEG                          
C:   00000000  s_REG_BANK_0                    
C:   00000000  s_RSEG                          
C:   00000000  s_RSEG0                         
C:   00000000  s_RSEG1                         
C:   00000000  s_XABS                          
C:   00000001  l_BIT_BANK                      
C:   00000001  l_BSEG_BYTES                    
C:   00000001  s_PSEG                          
C:   00000001  s_XISEG                         
C:   00000001  s_XSEG                          
C:   00000002  l_OSEG                          
C:   00000003  l_GSFINAL                       
C:   00000006  l_BSEG                          
C:   00000008  l_REG_BANK_0                    
C:   00000008  l_REG_BANK_1                    
C:   00000008  s_REG_BANK_1                    
C:   00000010  s_REG_BANK_2                    
C:   00000012  l_CONST                         
C:   00000018  s_REG_BANK_3                    
C:   00000019  l_HOME                          
C:   00000019  s_GSINIT0                       
C:   00000019  s_GSINIT1                       
C:   00000019  s_GSINIT2                       
C:   00000019  s_GSINIT3                       
C:   0000001B  l_GSINIT                        
C:   00000020  s_BSEG_BYTES                    
ASxxxx Linker V03.00 + NoICE + sdld,  page 2.
Hexadecimal  [32-Bits]

Area                                    Addr        Size        Decimal Bytes (Attributes)
--------------------------------        ----        ----        ------- ----- ------------
CABS                                00000000    00000000 =           0. bytes (ABS,CON,CODE)

      Value  Global                              Global Defined In Module
      -----  --------------------------------   ------------------------
C:   00000020  s__CODE                         
C:   00000021  s_BIT_BANK                      
C:   00000022  l_GSINIT3                       
C:   0000002A  l_GSINIT4                       
C:   0000003B  s_GSINIT4                       
C:   0000005A  s_OSEG                          
C:   0000005C  s_SSEG                          
C:   00000062  l_DSEG                          
C:   00000065  s_GSINIT                        
C:   00000065  s_GSINIT5                       
C:   00000080  s_GSFINAL                       
C:   00000083  s_CSEG                          
C:   000000A4  l_SSEG                          
C:   00000100  l_IRAM                          
C:   00000D34  l_CSEG                          
C:   00000DB7  s_CONST                         
C:   00000DC9  s_XINIT                         

ASxxxx Linker V03.00 + NoICE + sdld,  page 3.
Hexadecimal  [32-Bits]

Area                                    Addr        Size        Decimal Bytes (Attributes)
--------------------------------        ----        ----        ------- ----- ------------
.  .ABS.                            00000000    00000000 =           0. bytes (ABS,CON)

      Value  Global                              Global Defined In Module
      -----  --------------------------------   ------------------------
     00000000  .__.ABS.                           _divsint
     00000080  _P0                                assignment4
     00000080  _P0_0                              assignment4
     00000081  _P0_1                              assignment4
     00000081  _SP                                assignment4
     00000082  _DPL                               assignment4
     00000082  _P0_2                              assignment4
     00000083  _DPH                               assignment4
     00000083  _P0_3                              assignment4
     00000084  _P0_4                              assignment4
     00000085  _P0_5                              assignment4
     00000086  _P0_6                              assignment4
     00000087  _P0_7                              assignment4
     00000087  _PCON                              assignment4
     00000088  _IT0                               assignment4
     00000088  _TCON                              assignment4
     00000089  _IE0                               assignment4
     00000089  _TMOD                              assignment4
     0000008A  _IT1                               assignment4
     0000008A  _TL0                               assignment4
     0000008B  _IE1                               assignment4
     0000008B  _TL1                               assignment4
     0000008C  _TH0                               assignment4
     0000008C  _TR0                               assignment4
     0000008D  _TF0                               assignment4
     0000008D  _TH1                               assignment4
     0000008E  _TR1                               assignment4
     0000008F  _TF1                               assignment4
     00000090  _P1                                assignment4
     00000090  _P1_0                              assignment4
     00000091  _P1_1                              assignment4
     00000092  _P1_2                              assignment4
     00000093  _P1_3                              assignment4
     00000094  _P1_4                              assignment4
     00000095  _P1_5                              assignment4
     00000096  _P1_6                              assignment4
     00000097  _P1_7                              assignment4
     00000098  _RI                                assignment4
     00000098  _SCON                              assignment4
     00000099  _SBUF                              assignment4
     00000099  _TI                                assignment4
     0000009A  _RB8                               assignment4
     0000009B  _TB8                               assignment4
     0000009C  _REN                               assignment4
     0000009D  _SM2                               assignment4
     0000009E  _SM1                               assignment4
     0000009F  _SM0                               assignment4
     000000A0  _P2                                assignment4
     000000A0  _P2_0                              assignment4
     000000A0  __XPAGE                            
ASxxxx Linker V03.00 + NoICE + sdld,  page 4.
Hexadecimal  [32-Bits]

Area                                    Addr        Size        Decimal Bytes (Attributes)
--------------------------------        ----        ----        ------- ----- ------------
.  .ABS.                            00000000    00000000 =           0. bytes (ABS,CON)

      Value  Global                              Global Defined In Module
      -----  --------------------------------   ------------------------
     000000A1  _P2_1                              assignment4
     000000A2  _P2_2                              assignment4
     000000A3  _P2_3                              assignment4
     000000A4  _P2_4                              assignment4
     000000A5  _P2_5                              assignment4
     000000A6  _P2_6                              assignment4
     000000A7  _P2_7                              assignment4
     000000A8  _EX0                               assignment4
     000000A8  _IE                                assignment4
     000000A9  _ET0                               assignment4
     000000AA  _EX1                               assignment4
     000000AB  _ET1                               assignment4
     000000AC  _ES                                assignment4
     000000AF  _EA                                assignment4
     000000B0  _P3                                assignment4
     000000B0  _P3_0                              assignment4
     000000B0  _RXD                               assignment4
     000000B1  _P3_1                              assignment4
     000000B1  _TXD                               assignment4
     000000B2  _INT0                              assignment4
     000000B2  _P3_2                              assignment4
     000000B3  _INT1                              assignment4
     000000B3  _P3_3                              assignment4
     000000B4  _P3_4                              assignment4
     000000B4  _T0                                assignment4
     000000B5  _P3_5                              assignment4
     000000B5  _T1                                assignment4
     000000B6  _P3_6                              assignment4
     000000B6  _WR                                assignment4
     000000B7  _P3_7                              assignment4
     000000B7  _RD                                assignment4
     000000B8  _IP                                assignment4
     000000B8  _PX0                               assignment4
     000000B9  _PT0                               assignment4
     000000BA  _PX1                               assignment4
     000000BB  _PT1                               assignment4
     000000BC  _PS                                assignment4
     000000D0  _P                                 assignment4
     000000D0  _PSW                               assignment4
     000000D1  _F1                                assignment4
     000000D2  _OV                                assignment4
     000000D3  _RS0                               assignment4
     000000D4  _RS1                               assignment4
     000000D5  _F0                                assignment4
     000000D6  _AC                                assignment4
     000000D7  _CY                                assignment4
     000000E0  _ACC                               assignment4
     000000F0  _B                                 assignment4
     000000F5  _B_5                               _gptrget
     000000F6  _B_6                               _gptrget
     000000F7  _B_7                               _gptrget

ASxxxx Linker V03.00 + NoICE + sdld,  page 5.
Hexadecimal  [32-Bits]

Area                                    Addr        Size        Decimal Bytes (Attributes)
--------------------------------        ----        ----        ------- ----- ------------
BSEG_BYTES                          00000020    00000001 =           1. bytes (REL,CON)

      Value  Global                              Global Defined In Module
      -----  --------------------------------   ------------------------
ASxxxx Linker V03.00 + NoICE + sdld,  page 6.
Hexadecimal  [32-Bits]

Area                                    Addr        Size        Decimal Bytes (Attributes)
--------------------------------        ----        ----        ------- ----- ------------
REG_BANK_0                          00000000    00000008 =           8. bytes (REL,OVR)

      Value  Global                              Global Defined In Module
      -----  --------------------------------   ------------------------
ASxxxx Linker V03.00 + NoICE + sdld,  page 7.
Hexadecimal  [32-Bits]

Area                                    Addr        Size        Decimal Bytes (Attributes)
--------------------------------        ----        ----        ------- ----- ------------
REG_BANK_1                          00000008    00000008 =           8. bytes (REL,OVR)

      Value  Global                              Global Defined In Module
      -----  --------------------------------   ------------------------
ASxxxx Linker V03.00 + NoICE + sdld,  page 8.
Hexadecimal  [32-Bits]

Area                                    Addr        Size        Decimal Bytes (Attributes)
--------------------------------        ----        ----        ------- ----- ------------
BIT_BANK                            00000021    00000001 =           1. bytes (REL,OVR)

      Value  Global                              Global Defined In Module
      -----  --------------------------------   ------------------------
ASxxxx Linker V03.00 + NoICE + sdld,  page 9.
Hexadecimal  [32-Bits]

Area                                    Addr        Size        Decimal Bytes (Attributes)
--------------------------------        ----        ----        ------- ----- ------------
DSEG                                00000000    00000062 =          98. bytes (REL,CON)

      Value  Global                              Global Defined In Module
      -----  --------------------------------   ------------------------
     00000030  _hr                                assignment4
     00000032  _min                               assignment4
     00000034  _sec                               assignment4
     00000036  _mon                               assignment4
     00000038  _day                               assignment4
     0000003A  _yr                                assignment4
     0000003C  _p                                 assignment4
     00000044  _hrminsec_PARM_2                   assignment4
     00000046  _hrminsec_PARM_3                   assignment4
     00000048  _displayyear_PARM_2                assignment4
     0000004A  _displayyear_PARM_3                assignment4

ASxxxx Linker V03.00 + NoICE + sdld,  page 10.
Hexadecimal  [32-Bits]

Area                                    Addr        Size        Decimal Bytes (Attributes)
--------------------------------        ----        ----        ------- ----- ------------
OSEG                                0000005A    00000002 =           2. bytes (REL,OVR)

      Value  Global                              Global Defined In Module
      -----  --------------------------------   ------------------------
     0000005A  __divsint_PARM_2                   _divuint
     0000005A  __divuint_PARM_2                   _divuint
     0000005A  __modsint_PARM_2                   _moduint
     0000005A  __moduint_PARM_2                   _moduint
     0000005A  __mulint_PARM_2                    _mulint

ASxxxx Linker V03.00 + NoICE + sdld,  page 11.
Hexadecimal  [32-Bits]

Area                                    Addr        Size        Decimal Bytes (Attributes)
--------------------------------        ----        ----        ------- ----- ------------
SSEG                                0000005C    000000A4 =         164. bytes (REL,OVR)

      Value  Global                              Global Defined In Module
      -----  --------------------------------   ------------------------
     0000005C  __start__stack                     assignment4

ASxxxx Linker V03.00 + NoICE + sdld,  page 12.
Hexadecimal  [32-Bits]

Area                                    Addr        Size        Decimal Bytes (Attributes)
--------------------------------        ----        ----        ------- ----- ------------
HOME                                00000000    00000019 =          25. bytes (REL,CON,CODE)

      Value  Global                              Global Defined In Module
      -----  --------------------------------   ------------------------
C:   00000016  __sdcc_program_startup             assignment4

ASxxxx Linker V03.00 + NoICE + sdld,  page 13.
Hexadecimal  [32-Bits]

Area                                    Addr        Size        Decimal Bytes (Attributes)
--------------------------------        ----        ----        ------- ----- ------------
GSINIT3                             00000019    00000022 =          34. bytes (REL,CON,CODE)

      Value  Global                              Global Defined In Module
      -----  --------------------------------   ------------------------
C:   00000019  __mcs51_genXINIT                   

ASxxxx Linker V03.00 + NoICE + sdld,  page 14.
Hexadecimal  [32-Bits]

Area                                    Addr        Size        Decimal Bytes (Attributes)
--------------------------------        ----        ----        ------- ----- ------------
GSINIT4                             0000003B    0000002A =          42. bytes (REL,CON,CODE)

      Value  Global                              Global Defined In Module
      -----  --------------------------------   ------------------------
C:   0000003B  __mcs51_genRAMCLEAR                
C:   00000041  __mcs51_genXRAMCLEAR               

ASxxxx Linker V03.00 + NoICE + sdld,  page 15.
Hexadecimal  [32-Bits]

Area                                    Addr        Size        Decimal Bytes (Attributes)
--------------------------------        ----        ----        ------- ----- ------------
GSINIT                              00000065    0000001B =          27. bytes (REL,CON,CODE)

      Value  Global                              Global Defined In Module
      -----  --------------------------------   ------------------------
ASxxxx Linker V03.00 + NoICE + sdld,  page 16.
Hexadecimal  [32-Bits]

Area                                    Addr        Size        Decimal Bytes (Attributes)
--------------------------------        ----        ----        ------- ----- ------------
GSFINAL                             00000080    00000003 =           3. bytes (REL,CON,CODE)

      Value  Global                              Global Defined In Module
      -----  --------------------------------   ------------------------
ASxxxx Linker V03.00 + NoICE + sdld,  page 17.
Hexadecimal  [32-Bits]

Area                                    Addr        Size        Decimal Bytes (Attributes)
--------------------------------        ----        ----        ------- ----- ------------
CSEG                                00000083    00000D34 =        3380. bytes (REL,CON,CODE)

      Value  Global                              Global Defined In Module
      -----  --------------------------------   ------------------------
C:   00000083  _int0_isr                          assignment4
C:   00000308  _int1_isr                          assignment4
C:   00000704  _main                              assignment4
C:   0000092F  _hrminsec                          assignment4
C:   000009D5  _displayyear                       assignment4
C:   00000A7B  _getChar                           assignment4
C:   00000AF4  _returnHome                        assignment4
C:   00000B00  _delay                             assignment4
C:   00000B09  _big_delay                         assignment4
C:   00000B13  _timer_delay                       assignment4
C:   00000B26  __sdcc_gsinit_startup              assignment4
C:   00000B2C  _entryModeSet                      assignment4
C:   00000B38  _displayOnOffControl               assignment4
C:   00000B55  _cursorOrDisplayShift              assignment4
C:   00000B72  _functionSet                       assignment4
C:   00000B7E  _clearDisplay                      assignment4
C:   00000B8A  _setDdRamAddress                   assignment4
C:   00000B9A  _sendChar                          assignment4
C:   00000BA7  _sendString                        assignment4
C:   00000BD4  _atoi                              atoi
C:   00000C9A  __mulint                           _mulint
C:   00000C9A  __mulint_dummy                     _mulint
C:   00000CB7  __moduint                          _moduint
C:   00000D04  __divuint                          _divuint
C:   00000D2D  __gptrget                          _gptrget
C:   00000D49  __modsint                          _modsint
C:   00000D7F  __divsint                          _divsint
ASxxxx Linker V03.00 + NoICE + sdld,  page 18.
Hexadecimal  [32-Bits]

Area                                    Addr        Size        Decimal Bytes (Attributes)
--------------------------------        ----        ----        ------- ----- ------------
CONST                               00000DB7    00000012 =          18. bytes (REL,CON,CODE)

      Value  Global                              Global Defined In Module
      -----  --------------------------------   ------------------------
ASxxxx Linker V03.00 + NoICE + sdld,  page 19.

Files Linked                              [ module(s) ]

assignment4.rel                           [  ]


Libraries Linked                          [ object file ]

C:\Program Files\SDCC\bin\..\lib\small/mcs51.lib
                                          [ crtclear.rel ]
C:\Program Files\SDCC\bin\..\lib\small/libsdcc.lib
                                          [ atoi.rel ]
C:\Program Files\SDCC\bin\..\lib\small/mcs51.lib
                                          [ crtxinit.rel ]
C:\Program Files\SDCC\bin\..\lib\small/libint.lib
                                          [ _mulint.rel ]
C:\Program Files\SDCC\bin\..\lib\small/libint.lib
                                          [ _moduint.rel ]
C:\Program Files\SDCC\bin\..\lib\small/mcs51.lib
                                          [ crtxclear.rel ]
C:\Program Files\SDCC\bin\..\lib\small/libint.lib
                                          [ _divuint.rel ]
C:\Program Files\SDCC\bin\..\lib\small/mcs51.lib
                                          [ crtpagesfr.rel ]
C:\Program Files\SDCC\bin\..\lib\small/libsdcc.lib
                                          [ _gptrget.rel ]
C:\Program Files\SDCC\bin\..\lib\small/libint.lib
                                          [ _modsint.rel ]
C:\Program Files\SDCC\bin\..\lib\small/libint.lib
                                          [ _divsint.rel ]

ASxxxx Linker V03.00 + NoICE + sdld,  page 20.

User Base Address Definitions

HOME = 0x0000
DSEG = 0x0030
XSEG = 0x0001
PSEG = 0x0001
ISEG = 0x0000
BSEG = 0x0000
SSEG = 0x0030

